[      41ms] [INFO] %cDownload the React DevTools for a better development experience: https://react.dev/link/react-devtools font-weight:bold @ http://localhost:5173/node_modules/.vite/deps/react-dom_client.js?v=737efd5e:15804
[   18334ms] [LOG] [vite] server connection lost. Polling for restart... @ http://localhost:5173/@vite/client:1030
[11072532ms] [INFO] %cDownload the React DevTools for a better development experience: https://react.dev/link/react-devtools font-weight:bold @ http://localhost:5173/node_modules/.vite/deps/react-dom_client.js?v=737efd5e:15804
[11209474ms] ReferenceError: SoundIcon is not defined
    at NotesChrome (http://localhost:5173/src/blog/BlogPage.jsx?t=1790088733217:108:40)
    at Object.react_stack_bottom_frame (http://localhost:5173/node_modules/.vite/deps/react-dom_client.js?v=737efd5e:14142:12)
    at renderWithHooks (http://localhost:5173/node_modules/.vite/deps/react-dom_client.js?v=737efd5e:4400:19)
    at updateFunctionComponent (http://localhost:5173/node_modules/.vite/deps/react-dom_client.js?v=737efd5e:5775:16)
    at beginWork (http://localhost:5173/node_modules/.vite/deps/react-dom_client.js?v=737efd5e:6391:20)
    at runWithFiberInDEV (http://localhost:5173/node_modules/.vite/deps/react-dom_client.js?v=737efd5e:944:66)
    at performUnitOfWork (http://localhost:5173/node_modules/.vite/deps/react-dom_client.js?v=737efd5e:9148:92)
    at workLoopSync (http://localhost:5173/node_modules/.vite/deps/react-dom_client.js?v=737efd5e:9044:37)
    at renderRootSync (http://localhost:5173/node_modules/.vite/deps/react-dom_client.js?v=737efd5e:9028:6)
    at performWorkOnRoot (http://localhost:5173/node_modules/.vite/deps/react-dom_client.js?v=737efd5e:8715:27)
[11209471ms] [WARNING] %s

%s
 An error occurred in the <NotesChrome> component. Consider adding an error boundary to your tree to customize error handling behavior.
Visit https://react.dev/link/error-boundaries to learn more about error boundaries. @ http://localhost:5173/node_modules/.vite/deps/react-dom_client.js?v=737efd5e:5450
[11220550ms] ReferenceError: soundOn is not defined
    at NotesChrome (http://localhost:5173/src/blog/BlogPage.jsx?t=1790088744296:103:17)
    at Object.react_stack_bottom_frame (http://localhost:5173/node_modules/.vite/deps/react-dom_client.js?v=737efd5e:14142:12)
    at renderWithHooks (http://localhost:5173/node_modules/.vite/deps/react-dom_client.js?v=737efd5e:4400:19)
    at updateFunctionComponent (http://localhost:5173/node_modules/.vite/deps/react-dom_client.js?v=737efd5e:5775:16)
    at beginWork (http://localhost:5173/node_modules/.vite/deps/react-dom_client.js?v=737efd5e:6391:20)
    at runWithFiberInDEV (http://localhost:5173/node_modules/.vite/deps/react-dom_client.js?v=737efd5e:944:66)
    at performUnitOfWork (http://localhost:5173/node_modules/.vite/deps/react-dom_client.js?v=737efd5e:9148:92)
    at workLoopSync (http://localhost:5173/node_modules/.vite/deps/react-dom_client.js?v=737efd5e:9044:37)
    at renderRootSync (http://localhost:5173/node_modules/.vite/deps/react-dom_client.js?v=737efd5e:9028:6)
    at performWorkOnRoot (http://localhost:5173/node_modules/.vite/deps/react-dom_client.js?v=737efd5e:8715:27)
[11220550ms] [WARNING] %s

%s
 An error occurred in the <NotesChrome> component. Consider adding an error boundary to your tree to customize error handling behavior.
Visit https://react.dev/link/error-boundaries to learn more about error boundaries. @ http://localhost:5173/node_modules/.vite/deps/react-dom_client.js?v=737efd5e:5450
